{"measurement_assessment": {"scope": "DECLARED_XY_ERROR_BOUND_ONLY", "cases": [{"box_class": "normal", "max_dimension_error_m": 0.00305, "required_edge_margin_m": 0.001525, "configured_edge_margin_m": 0.002, "bound_covered": true}, {"box_class": "uncertain", "max_dimension_error_m": 0.01205, "required_edge_margin_m": 0.006025, "configured_edge_margin_m": 0.004, "bound_covered": false}], "status": "XY_MARGIN_NOT_COVERED", "physical_safety_verified": false}, "robot_config": "robot_check_gazebo.yaml", "team_ref": "81d0333ba6550d9ee6f02661d8b8d9e79beaca6c"}
{"evaluated": 1, "total": 144, "mode": "dblf", "scenario": "S0001", "seed": 203, "variant": "nominal", "placed": 23, "L4": 0}
{"evaluated": 2, "total": 144, "mode": "dblf", "scenario": "S0001", "seed": 201, "variant": "nominal", "placed": 23, "L4": 0}
{"evaluated": 3, "total": 144, "mode": "dblf", "scenario": "S0001", "seed": 202, "variant": "nominal", "placed": 23, "L4": 0}
{"evaluated": 4, "total": 144, "mode": "dblf", "scenario": "S0002", "seed": 201, "variant": "nominal", "placed": 21, "L4": 0}
{"evaluated": 5, "total": 144, "mode": "dblf", "scenario": "S0002", "seed": 202, "variant": "nominal", "placed": 21, "L4": 0}
{"evaluated": 6, "total": 144, "mode": "dblf", "scenario": "S0002", "seed": 203, "variant": "nominal", "placed": 21, "L4": 0}
{"evaluated": 7, "total": 144, "mode": "dblf", "scenario": "S0003", "seed": 202, "variant": "nominal", "placed": 24, "L4": 0}
{"evaluated": 8, "total": 144, "mode": "dblf", "scenario": "S0003", "seed": 203, "variant": "nominal", "placed": 24, "L4": 0}
{"evaluated": 9, "total": 144, "mode": "dblf", "scenario": "S0004", "seed": 201, "variant": "nominal", "placed": 23, "L4": 0}
{"evaluated": 10, "total": 144, "mode": "dblf", "scenario": "S0003", "seed": 201, "variant": "nominal", "placed": 24, "L4": 0}
{"evaluated": 11, "total": 144, "mode": "dblf", "scenario": "S0004", "seed": 202, "variant": "nominal", "placed": 23, "L4": 0}
{"evaluated": 12, "total": 144, "mode": "dblf", "scenario": "S0004", "seed": 203, "variant": "nominal", "placed": 24, "L4": 0}
{"evaluated": 13, "total": 144, "mode": "dblf", "scenario": "S0005", "seed": 203, "variant": "nominal", "placed": 24, "L4": 0}
{"evaluated": 14, "total": 144, "mode": "dblf", "scenario": "S0005", "seed": 202, "variant": "nominal", "placed": 24, "L4": 0}
{"evaluated": 15, "total": 144, "mode": "dblf", "scenario": "S0005", "seed": 201, "variant": "nominal", "placed": 24, "L4": 0}
{"evaluated": 16, "total": 144, "mode": "dblf", "scenario": "S0006", "seed": 201, "variant": "nominal", "placed": 22, "L4": 0}
{"evaluated": 17, "total": 144, "mode": "dblf", "scenario": "S0006", "seed": 202, "variant": "nominal", "placed": 22, "L4": 0}
{"evaluated": 18, "total": 144, "mode": "dblf", "scenario": "S0007", "seed": 201, "variant": "nominal", "placed": 24, "L4": 0}
{"evaluated": 19, "total": 144, "mode": "dblf", "scenario": "S0007", "seed": 203, "variant": "nominal", "placed": 24, "L4": 0}
{"evaluated": 20, "total": 144, "mode": "dblf", "scenario": "S0007", "seed": 202, "variant": "nominal", "placed": 24, "L4": 0}
{"evaluated": 21, "total": 144, "mode": "dblf", "scenario": "S0006", "seed": 203, "variant": "nominal", "placed": 23, "L4": 0}
{"evaluated": 22, "total": 144, "mode": "dblf", "scenario": "S0008", "seed": 201, "variant": "nominal", "placed": 24, "L4": 0}
{"evaluated": 23, "total": 144, "mode": "dblf", "scenario": "S0008", "seed": 202, "variant": "nominal", "placed": 23, "L4": 0}
{"evaluated": 24, "total": 144, "mode": "dblf", "scenario": "S0009", "seed": 201, "variant": "nominal", "placed": 22, "L4": 0}
{"evaluated": 25, "total": 144, "mode": "dblf", "scenario": "S0009", "seed": 203, "variant": "nominal", "placed": 18, "L4": 0}
{"evaluated": 26, "total": 144, "mode": "dblf", "scenario": "S0008", "seed": 203, "variant": "nominal", "placed": 22, "L4": 0}
{"evaluated": 27, "total": 144, "mode": "dblf", "scenario": "S0010", "seed": 201, "variant": "nominal", "placed": 24, "L4": 0}
{"evaluated": 28, "total": 144, "mode": "dblf", "scenario": "S0009", "seed": 202, "variant": "nominal", "placed": 22, "L4": 0}
{"evaluated": 29, "total": 144, "mode": "dblf", "scenario": "S0010", "seed": 203, "variant": "nominal", "placed": 24, "L4": 0}
{"evaluated": 30, "total": 144, "mode": "dblf", "scenario": "S0011", "seed": 201, "variant": "nominal", "placed": 23, "L4": 0}
{"evaluated": 31, "total": 144, "mode": "dblf", "scenario": "S0011", "seed": 202, "variant": "nominal", "placed": 23, "L4": 0}
{"evaluated": 32, "total": 144, "mode": "dblf", "scenario": "S0011", "seed": 203, "variant": "nominal", "placed": 20, "L4": 0}
{"evaluated": 33, "total": 144, "mode": "dblf", "scenario": "S0012", "seed": 201, "variant": "nominal", "placed": 24, "L4": 0}
{"evaluated": 34, "total": 144, "mode": "dblf", "scenario": "S0010", "seed": 202, "variant": "nominal", "placed": 22, "L4": 0}
{"evaluated": 35, "total": 144, "mode": "dblf", "scenario": "S0012", "seed": 202, "variant": "nominal", "placed": 24, "L4": 0}
{"evaluated": 36, "total": 144, "mode": "dblf", "scenario": "S0012", "seed": 203, "variant": "nominal", "placed": 24, "L4": 0}
{"evaluated": 37, "total": 144, "mode": "heuristic_rollout", "scenario": "S0001", "seed": 203, "variant": "nominal", "placed": 23, "L4": 0}
{"evaluated": 38, "total": 144, "mode": "heuristic_rollout", "scenario": "S0001", "seed": 202, "variant": "nominal", "placed": 23, "L4": 0}
{"evaluated": 39, "total": 144, "mode": "heuristic_rollout", "scenario": "S0001", "seed": 201, "variant": "nominal", "placed": 23, "L4": 0}
{"evaluated": 40, "total": 144, "mode": "heuristic_rollout", "scenario": "S0002", "seed": 201, "variant": "nominal", "placed": 21, "L4": 0}
{"evaluated": 41, "total": 144, "mode": "heuristic_rollout", "scenario": "S0002", "seed": 202, "variant": "nominal", "placed": 21, "L4": 0}
{"evaluated": 42, "total": 144, "mode": "heuristic_rollout", "scenario": "S0003", "seed": 201, "variant": "nominal", "placed": 24, "L4": 0}
{"evaluated": 43, "total": 144, "mode": "heuristic_rollout", "scenario": "S0003", "seed": 203, "variant": "nominal", "placed": 24, "L4": 0}
{"evaluated": 44, "total": 144, "mode": "heuristic_rollout", "scenario": "S0002", "seed": 203, "variant": "nominal", "placed": 21, "L4": 0}
{"evaluated": 45, "total": 144, "mode": "heuristic_rollout", "scenario": "S0004", "seed": 201, "variant": "nominal", "placed": 23, "L4": 0}
{"evaluated": 46, "total": 144, "mode": "heuristic_rollout", "scenario": "S0004", "seed": 203, "variant": "nominal", "placed": 24, "L4": 0}
{"evaluated": 47, "total": 144, "mode": "heuristic_rollout", "scenario": "S0004", "seed": 202, "variant": "nominal", "placed": 23, "L4": 0}
{"evaluated": 48, "total": 144, "mode": "heuristic_rollout", "scenario": "S0003", "seed": 202, "variant": "nominal", "placed": 24, "L4": 0}
{"evaluated": 49, "total": 144, "mode": "heuristic_rollout", "scenario": "S0005", "seed": 201, "variant": "nominal", "placed": 24, "L4": 0}
{"evaluated": 50, "total": 144, "mode": "heuristic_rollout", "scenario": "S0005", "seed": 202, "variant": "nominal", "placed": 24, "L4": 0}
{"evaluated": 51, "total": 144, "mode": "heuristic_rollout", "scenario": "S0006", "seed": 201, "variant": "nominal", "placed": 22, "L4": 0}
{"evaluated": 52, "total": 144, "mode": "heuristic_rollout", "scenario": "S0005", "seed": 203, "variant": "nominal", "placed": 24, "L4": 0}
{"evaluated": 53, "total": 144, "mode": "heuristic_rollout", "scenario": "S0006", "seed": 202, "variant": "nominal", "placed": 22, "L4": 0}
{"evaluated": 54, "total": 144, "mode": "heuristic_rollout", "scenario": "S0006", "seed": 203, "variant": "nominal", "placed": 23, "L4": 0}
{"evaluated": 55, "total": 144, "mode": "heuristic_rollout", "scenario": "S0007", "seed": 201, "variant": "nominal", "placed": 24, "L4": 0}
{"evaluated": 56, "total": 144, "mode": "heuristic_rollout", "scenario": "S0007", "seed": 202, "variant": "nominal", "placed": 24, "L4": 0}
{"evaluated": 57, "total": 144, "mode": "heuristic_rollout", "scenario": "S0007", "seed": 203, "variant": "nominal", "placed": 24, "L4": 0}
{"evaluated": 58, "total": 144, "mode": "heuristic_rollout", "scenario": "S0008", "seed": 201, "variant": "nominal", "placed": 24, "L4": 0}
{"evaluated": 59, "total": 144, "mode": "heuristic_rollout", "scenario": "S0008", "seed": 202, "variant": "nominal", "placed": 23, "L4": 0}
{"evaluated": 60, "total": 144, "mode": "heuristic_rollout", "scenario": "S0009", "seed": 201, "variant": "nominal", "placed": 22, "L4": 0}
{"evaluated": 61, "total": 144, "mode": "heuristic_rollout", "scenario": "S0008", "seed": 203, "variant": "nominal", "placed": 22, "L4": 0}
{"evaluated": 62, "total": 144, "mode": "heuristic_rollout", "scenario": "S0009", "seed": 203, "variant": "nominal", "placed": 18, "L4": 0}
{"evaluated": 63, "total": 144, "mode": "heuristic_rollout", "scenario": "S0009", "seed": 202, "variant": "nominal", "placed": 22, "L4": 0}
{"evaluated": 64, "total": 144, "mode": "heuristic_rollout", "scenario": "S0010", "seed": 201, "variant": "nominal", "placed": 24, "L4": 0}
{"evaluated": 65, "total": 144, "mode": "heuristic_rollout", "scenario": "S0010", "seed": 202, "variant": "nominal", "placed": 22, "L4": 0}
{"evaluated": 66, "total": 144, "mode": "heuristic_rollout", "scenario": "S0011", "seed": 201, "variant": "nominal", "placed": 23, "L4": 0}
{"evaluated": 67, "total": 144, "mode": "heuristic_rollout", "scenario": "S0011", "seed": 203, "variant": "nominal", "placed": 20, "L4": 0}
{"evaluated": 68, "total": 144, "mode": "heuristic_rollout", "scenario": "S0010", "seed": 203, "variant": "nominal", "placed": 24, "L4": 0}
{"evaluated": 69, "total": 144, "mode": "heuristic_rollout", "scenario": "S0012", "seed": 202, "variant": "nominal", "placed": 24, "L4": 0}
{"evaluated": 70, "total": 144, "mode": "heuristic_rollout", "scenario": "S0012", "seed": 201, "variant": "nominal", "placed": 24, "L4": 0}
{"evaluated": 71, "total": 144, "mode": "heuristic_rollout", "scenario": "S0011", "seed": 202, "variant": "nominal", "placed": 23, "L4": 0}
{"evaluated": 72, "total": 144, "mode": "heuristic_rollout", "scenario": "S0012", "seed": 203, "variant": "nominal", "placed": 24, "L4": 0}
{"evaluated": 73, "total": 144, "mode": "learned_ranking", "scenario": "S0001", "seed": 201, "variant": "nominal", "placed": 23, "L4": 0}
{"evaluated": 74, "total": 144, "mode": "learned_ranking", "scenario": "S0001", "seed": 203, "variant": "nominal", "placed": 23, "L4": 0}
{"evaluated": 75, "total": 144, "mode": "learned_ranking", "scenario": "S0002", "seed": 201, "variant": "nominal", "placed": 21, "L4": 0}
{"evaluated": 76, "total": 144, "mode": "learned_ranking", "scenario": "S0002", "seed": 203, "variant": "nominal", "placed": 21, "L4": 0}
{"evaluated": 77, "total": 144, "mode": "learned_ranking", "scenario": "S0002", "seed": 202, "variant": "nominal", "placed": 21, "L4": 0}
{"evaluated": 78, "total": 144, "mode": "learned_ranking", "scenario": "S0001", "seed": 202, "variant": "nominal", "placed": 23, "L4": 0}
{"evaluated": 79, "total": 144, "mode": "learned_ranking", "scenario": "S0003", "seed": 201, "variant": "nominal", "placed": 24, "L4": 0}
{"evaluated": 80, "total": 144, "mode": "learned_ranking", "scenario": "S0004", "seed": 201, "variant": "nominal", "placed": 23, "L4": 0}
{"evaluated": 81, "total": 144, "mode": "learned_ranking", "scenario": "S0003", "seed": 202, "variant": "nominal", "placed": 24, "L4": 0}
{"evaluated": 82, "total": 144, "mode": "learned_ranking", "scenario": "S0004", "seed": 202, "variant": "nominal", "placed": 23, "L4": 0}
{"evaluated": 83, "total": 144, "mode": "learned_ranking", "scenario": "S0004", "seed": 203, "variant": "nominal", "placed": 24, "L4": 0}
{"evaluated": 84, "total": 144, "mode": "learned_ranking", "scenario": "S0003", "seed": 203, "variant": "nominal", "placed": 24, "L4": 0}
{"evaluated": 85, "total": 144, "mode": "learned_ranking", "scenario": "S0005", "seed": 201, "variant": "nominal", "placed": 24, "L4": 0}
{"evaluated": 86, "total": 144, "mode": "learned_ranking", "scenario": "S0005", "seed": 202, "variant": "nominal", "placed": 24, "L4": 0}
{"evaluated": 87, "total": 144, "mode": "learned_ranking", "scenario": "S0006", "seed": 201, "variant": "nominal", "placed": 22, "L4": 0}
{"evaluated": 88, "total": 144, "mode": "learned_ranking", "scenario": "S0005", "seed": 203, "variant": "nominal", "placed": 24, "L4": 0}
{"evaluated": 89, "total": 144, "mode": "learned_ranking", "scenario": "S0006", "seed": 202, "variant": "nominal", "placed": 22, "L4": 0}
{"evaluated": 90, "total": 144, "mode": "learned_ranking", "scenario": "S0006", "seed": 203, "variant": "nominal", "placed": 23, "L4": 0}
{"evaluated": 91, "total": 144, "mode": "learned_ranking", "scenario": "S0007", "seed": 202, "variant": "nominal", "placed": 24, "L4": 0}
{"evaluated": 92, "total": 144, "mode": "learned_ranking", "scenario": "S0007", "seed": 201, "variant": "nominal", "placed": 24, "L4": 0}
{"evaluated": 93, "total": 144, "mode": "learned_ranking", "scenario": "S0008", "seed": 202, "variant": "nominal", "placed": 23, "L4": 0}
{"evaluated": 94, "total": 144, "mode": "learned_ranking", "scenario": "S0007", "seed": 203, "variant": "nominal", "placed": 24, "L4": 0}
{"evaluated": 95, "total": 144, "mode": "learned_ranking", "scenario": "S0008", "seed": 201, "variant": "nominal", "placed": 24, "L4": 0}
{"evaluated": 96, "total": 144, "mode": "learned_ranking", "scenario": "S0008", "seed": 203, "variant": "nominal", "placed": 22, "L4": 0}
{"evaluated": 97, "total": 144, "mode": "learned_ranking", "scenario": "S0009", "seed": 202, "variant": "nominal", "placed": 22, "L4": 0}
{"evaluated": 98, "total": 144, "mode": "learned_ranking", "scenario": "S0009", "seed": 201, "variant": "nominal", "placed": 22, "L4": 0}
{"evaluated": 99, "total": 144, "mode": "learned_ranking", "scenario": "S0009", "seed": 203, "variant": "nominal", "placed": 18, "L4": 0}
{"evaluated": 100, "total": 144, "mode": "learned_ranking", "scenario": "S0010", "seed": 202, "variant": "nominal", "placed": 22, "L4": 0}
{"evaluated": 101, "total": 144, "mode": "learned_ranking", "scenario": "S0010", "seed": 201, "variant": "nominal", "placed": 24, "L4": 0}
{"evaluated": 102, "total": 144, "mode": "learned_ranking", "scenario": "S0010", "seed": 203, "variant": "nominal", "placed": 24, "L4": 0}
{"evaluated": 103, "total": 144, "mode": "learned_ranking", "scenario": "S0011", "seed": 201, "variant": "nominal", "placed": 23, "L4": 0}
{"evaluated": 104, "total": 144, "mode": "learned_ranking", "scenario": "S0011", "seed": 203, "variant": "nominal", "placed": 20, "L4": 0}
{"evaluated": 105, "total": 144, "mode": "learned_ranking", "scenario": "S0012", "seed": 201, "variant": "nominal", "placed": 24, "L4": 0}
{"evaluated": 106, "total": 144, "mode": "learned_ranking", "scenario": "S0011", "seed": 202, "variant": "nominal", "placed": 23, "L4": 0}
{"evaluated": 107, "total": 144, "mode": "learned_ranking", "scenario": "S0012", "seed": 203, "variant": "nominal", "placed": 24, "L4": 0}
{"evaluated": 108, "total": 144, "mode": "learned_ranking", "scenario": "S0012", "seed": 202, "variant": "nominal", "placed": 24, "L4": 0}
{"evaluated": 109, "total": 144, "mode": "learned_rollout", "scenario": "S0001", "seed": 202, "variant": "nominal", "placed": 23, "L4": 0}
{"evaluated": 110, "total": 144, "mode": "learned_rollout", "scenario": "S0001", "seed": 201, "variant": "nominal", "placed": 23, "L4": 0}
{"evaluated": 111, "total": 144, "mode": "learned_rollout", "scenario": "S0001", "seed": 203, "variant": "nominal", "placed": 23, "L4": 0}
{"evaluated": 112, "total": 144, "mode": "learned_rollout", "scenario": "S0002", "seed": 201, "variant": "nominal", "placed": 21, "L4": 0}
{"evaluated": 113, "total": 144, "mode": "learned_rollout", "scenario": "S0002", "seed": 202, "variant": "nominal", "placed": 21, "L4": 0}
{"evaluated": 114, "total": 144, "mode": "learned_rollout", "scenario": "S0002", "seed": 203, "variant": "nominal", "placed": 21, "L4": 0}
{"evaluated": 115, "total": 144, "mode": "learned_rollout", "scenario": "S0003", "seed": 202, "variant": "nominal", "placed": 24, "L4": 0}
{"evaluated": 116, "total": 144, "mode": "learned_rollout", "scenario": "S0003", "seed": 203, "variant": "nominal", "placed": 24, "L4": 0}
{"evaluated": 117, "total": 144, "mode": "learned_rollout", "scenario": "S0003", "seed": 201, "variant": "nominal", "placed": 24, "L4": 0}
{"evaluated": 118, "total": 144, "mode": "learned_rollout", "scenario": "S0004", "seed": 202, "variant": "nominal", "placed": 23, "L4": 0}
{"evaluated": 119, "total": 144, "mode": "learned_rollout", "scenario": "S0004", "seed": 201, "variant": "nominal", "placed": 23, "L4": 0}
{"evaluated": 120, "total": 144, "mode": "learned_rollout", "scenario": "S0005", "seed": 202, "variant": "nominal", "placed": 24, "L4": 0}
{"evaluated": 121, "total": 144, "mode": "learned_rollout", "scenario": "S0004", "seed": 203, "variant": "nominal", "placed": 24, "L4": 0}
{"evaluated": 122, "total": 144, "mode": "learned_rollout", "scenario": "S0005", "seed": 201, "variant": "nominal", "placed": 24, "L4": 0}
{"evaluated": 123, "total": 144, "mode": "learned_rollout", "scenario": "S0006", "seed": 201, "variant": "nominal", "placed": 22, "L4": 0}
{"evaluated": 124, "total": 144, "mode": "learned_rollout", "scenario": "S0005", "seed": 203, "variant": "nominal", "placed": 24, "L4": 0}
{"evaluated": 125, "total": 144, "mode": "learned_rollout", "scenario": "S0006", "seed": 202, "variant": "nominal", "placed": 22, "L4": 0}
{"evaluated": 126, "total": 144, "mode": "learned_rollout", "scenario": "S0006", "seed": 203, "variant": "nominal", "placed": 23, "L4": 0}
{"evaluated": 127, "total": 144, "mode": "learned_rollout", "scenario": "S0007", "seed": 201, "variant": "nominal", "placed": 24, "L4": 0}
{"evaluated": 128, "total": 144, "mode": "learned_rollout", "scenario": "S0007", "seed": 202, "variant": "nominal", "placed": 24, "L4": 0}
{"evaluated": 129, "total": 144, "mode": "learned_rollout", "scenario": "S0008", "seed": 202, "variant": "nominal", "placed": 23, "L4": 0}
{"evaluated": 130, "total": 144, "mode": "learned_rollout", "scenario": "S0007", "seed": 203, "variant": "nominal", "placed": 24, "L4": 0}
{"evaluated": 131, "total": 144, "mode": "learned_rollout", "scenario": "S0008", "seed": 203, "variant": "nominal", "placed": 22, "L4": 0}
{"evaluated": 132, "total": 144, "mode": "learned_rollout", "scenario": "S0008", "seed": 201, "variant": "nominal", "placed": 24, "L4": 0}
{"evaluated": 133, "total": 144, "mode": "learned_rollout", "scenario": "S0009", "seed": 201, "variant": "nominal", "placed": 22, "L4": 0}
{"evaluated": 134, "total": 144, "mode": "learned_rollout", "scenario": "S0009", "seed": 202, "variant": "nominal", "placed": 22, "L4": 0}
{"evaluated": 135, "total": 144, "mode": "learned_rollout", "scenario": "S0009", "seed": 203, "variant": "nominal", "placed": 18, "L4": 0}
{"evaluated": 136, "total": 144, "mode": "learned_rollout", "scenario": "S0010", "seed": 202, "variant": "nominal", "placed": 22, "L4": 0}
{"evaluated": 137, "total": 144, "mode": "learned_rollout", "scenario": "S0010", "seed": 201, "variant": "nominal", "placed": 24, "L4": 0}
{"evaluated": 138, "total": 144, "mode": "learned_rollout", "scenario": "S0011", "seed": 201, "variant": "nominal", "placed": 23, "L4": 0}
{"evaluated": 139, "total": 144, "mode": "learned_rollout", "scenario": "S0010", "seed": 203, "variant": "nominal", "placed": 24, "L4": 0}
{"evaluated": 140, "total": 144, "mode": "learned_rollout", "scenario": "S0011", "seed": 203, "variant": "nominal", "placed": 20, "L4": 0}
{"evaluated": 141, "total": 144, "mode": "learned_rollout", "scenario": "S0011", "seed": 202, "variant": "nominal", "placed": 23, "L4": 0}
{"evaluated": 142, "total": 144, "mode": "learned_rollout", "scenario": "S0012", "seed": 202, "variant": "nominal", "placed": 24, "L4": 0}
{"evaluated": 143, "total": 144, "mode": "learned_rollout", "scenario": "S0012", "seed": 201, "variant": "nominal", "placed": 24, "L4": 0}
{"evaluated": 144, "total": 144, "mode": "learned_rollout", "scenario": "S0012", "seed": 203, "variant": "nominal", "placed": 24, "L4": 0}
{"report": "/workspace/scratch/1486a29040a3/model_scale_20261009/experiment_development/runtime_fresh/report.json", "summary": {"nominal": {"dblf": {"placed": 22.88888888888889, "pallets": 2.1944444444444446, "pallet_equivalent": 1.7849304141017355, "placed_volume_m3": 0.6662453597222223, "fill_true_mean": 0.18614324816156325, "time_s": 401.28333333333336, "executability_rate": 0.9451943167109488, "planner_p95_sec": 0.0, "L4": 0.0, "final_audit_issues": 0.1111111111111111, "episodes": 36}, "heuristic_rollout": {"placed": 22.88888888888889, "pallets": 2.4166666666666665, "pallet_equivalent": 2.0071526363239576, "placed_volume_m3": 0.6662453597222223, "fill_true_mean": 0.17200068627846926, "time_s": 393.05833333333334, "executability_rate": 0.9149841916057133, "planner_p95_sec": 3.1666020314832872, "L4": 0.0, "final_audit_issues": 0.1388888888888889, "episodes": 36}, "learned_ranking": {"placed": 22.88888888888889, "pallets": 2.5833333333333335, "pallet_equivalent": 2.1738193029906245, "placed_volume_m3": 0.6662453597222223, "fill_true_mean": 0.1611262167456457, "time_s": 403.9861111111111, "executability_rate": 0.8877086180551463, "planner_p95_sec": 2.58906270940411, "L4": 0.0, "final_audit_issues": 0.1111111111111111, "episodes": 36}, "learned_rollout": {"placed": 22.88888888888889, "pallets": 2.5833333333333335, "pallet_equivalent": 2.1738193029906245, "placed_volume_m3": 0.6662453597222223, "fill_true_mean": 0.16005575053872997, "time_s": 401.48888888888894, "executability_rate": 0.8936633971504211, "planner_p95_sec": 2.417958662851477, "L4": 0.0, "final_audit_issues": 0.1388888888888889, "episodes": 36}}}, "scope": "PYTHON_RUNTIME_SIMULATION"}
